Watching for file changes with StatReloader
"GET / HTTP/1.1" 200 4
Not Found: /favicon.ico
"GET /favicon.ico HTTP/1.1" 404 2787
"GET /admin/ HTTP/1.1" 302 0
"GET /admin/login/?next=/admin/ HTTP/1.1" 200 4185
"GET /static/admin/css/nav_sidebar.css HTTP/1.1" 200 2694
"GET /static/admin/css/dark_mode.css HTTP/1.1" 200 2929
"GET /static/admin/css/base.css HTTP/1.1" 200 21310
"GET /static/admin/css/login.css HTTP/1.1" 200 958
"GET /static/admin/css/responsive.css HTTP/1.1" 200 18559
"GET /static/admin/js/theme.js HTTP/1.1" 200 1943
"GET /static/admin/js/nav_sidebar.js HTTP/1.1" 200 3063
"GET /accounts/login HTTP/1.1" 301 0
"GET /accounts/login/ HTTP/1.1" 200 2066
[SUCCESS] 2025-05-30 13:00:29.370130+00:00 — Пользователь admin вошёл с IP 127.0.0.1
Ошибка отправки лога: ('Connection aborted.', ConnectionResetError(10054, 'Удаленный хост принудительно разорвал существующее подключение', None, 10054, None))
"POST /accounts/login/ HTTP/1.1" 302 0
"GET / HTTP/1.1" 200 4
C:\Users\jigor\Desktop\kurs\server_a\accounts\signals.py changed, reloading.
Watching for file changes with StatReloader
C:\Users\jigor\Desktop\kurs\server_a\accounts\signals.py changed, reloading.
Watching for file changes with StatReloader
C:\Users\jigor\Desktop\kurs\server_a\pages\views.py changed, reloading.
Watching for file changes with StatReloader
C:\Users\jigor\Desktop\kurs\server_a\pages\views.py changed, reloading.
Watching for file changes with StatReloader
C:\Users\jigor\Desktop\kurs\server_a\config\settings.py changed, reloading.
Watching for file changes with StatReloader
C:\Users\jigor\Desktop\kurs\server_a\config\settings.py changed, reloading.
Watching for file changes with StatReloader
C:\Users\jigor\Desktop\kurs\server_a\config\settings.py changed, reloading.
2025-05-30 16:10:34,960 [INFO] Watching for file changes with StatReloader
2025-05-30 16:14:18,089 [INFO] C:\Users\jigor\Desktop\kurs\server_a\config\urls.py changed, reloading.
2025-05-30 16:14:18,651 [INFO] Watching for file changes with StatReloader
2025-05-30 16:14:27,737 [INFO] "GET / HTTP/1.1" 200 4
2025-05-30 16:14:29,387 [INFO] "GET / HTTP/1.1" 200 4
2025-05-30 16:14:30,300 [INFO] "GET / HTTP/1.1" 200 4
2025-05-30 16:14:32,662 [INFO] "GET / HTTP/1.1" 200 4
2025-05-30 16:14:33,508 [INFO] "GET / HTTP/1.1" 200 4
2025-05-30 16:14:33,969 [INFO] "GET / HTTP/1.1" 200 4
2025-05-30 16:14:37,841 [INFO] "GET /admin/ HTTP/1.1" 200 7290
2025-05-30 16:14:37,852 [INFO] "GET /static/admin/css/base.css HTTP/1.1" 304 0
2025-05-30 16:14:37,852 [INFO] "GET /static/admin/css/dark_mode.css HTTP/1.1" 304 0
2025-05-30 16:14:37,857 [INFO] "GET /static/admin/css/nav_sidebar.css HTTP/1.1" 304 0
2025-05-30 16:14:37,881 [INFO] "GET /static/admin/css/responsive.css HTTP/1.1" 304 0
2025-05-30 16:14:37,881 [INFO] "GET /static/admin/js/theme.js HTTP/1.1" 304 0
2025-05-30 16:14:37,920 [INFO] "GET /static/admin/js/nav_sidebar.js HTTP/1.1" 304 0
2025-05-30 16:14:37,997 [INFO] "GET /static/admin/css/dashboard.css HTTP/1.1" 200 441
2025-05-30 16:14:38,013 [INFO] "GET /static/admin/img/icon-changelink.svg HTTP/1.1" 200 380
2025-05-30 16:14:38,014 [INFO] "GET /static/admin/img/icon-addlink.svg HTTP/1.1" 200 331
2025-05-30 16:14:38,014 [INFO] "GET /static/admin/img/icon-yes.svg HTTP/1.1" 200 436
2025-05-30 16:19:29,826 [INFO] C:\Users\jigor\Desktop\kurs\server_a\pages\views.py changed, reloading.
2025-05-30 16:19:30,366 [INFO] Watching for file changes with StatReloader
2025-05-30 16:19:33,751 [INFO] C:\Users\jigor\Desktop\kurs\server_a\pages\views.py changed, reloading.
2025-05-30 16:19:34,264 [INFO] Watching for file changes with StatReloader
2025-05-30 16:19:36,513 [INFO] C:\Users\jigor\Desktop\kurs\server_a\pages\views.py changed, reloading.
2025-05-30 16:19:37,061 [INFO] Watching for file changes with StatReloader
2025-05-30 16:19:39,388 [INFO] C:\Users\jigor\Desktop\kurs\server_a\pages\views.py changed, reloading.
2025-05-30 16:19:39,917 [INFO] Watching for file changes with StatReloader
2025-05-30 16:19:43,278 [INFO] C:\Users\jigor\Desktop\kurs\server_a\pages\views.py changed, reloading.
2025-05-30 16:19:43,829 [INFO] Watching for file changes with StatReloader
2025-05-30 16:19:45,102 [INFO] C:\Users\jigor\Desktop\kurs\server_a\pages\views.py changed, reloading.
2025-05-30 16:19:45,597 [INFO] Watching for file changes with StatReloader
2025-05-30 16:19:54,170 [INFO] C:\Users\jigor\Desktop\kurs\server_a\pages\views.py changed, reloading.
2025-05-30 16:19:54,714 [INFO] Watching for file changes with StatReloader
2025-05-30 16:19:55,999 [INFO] C:\Users\jigor\Desktop\kurs\server_a\pages\views.py changed, reloading.
2025-05-30 16:19:56,576 [INFO] Watching for file changes with StatReloader
2025-05-30 16:19:59,931 [INFO] C:\Users\jigor\Desktop\kurs\server_a\pages\views.py changed, reloading.
2025-05-30 16:20:00,441 [INFO] Watching for file changes with StatReloader
2025-05-30 16:20:01,715 [INFO] C:\Users\jigor\Desktop\kurs\server_a\pages\views.py changed, reloading.
2025-05-30 16:20:02,246 [INFO] Watching for file changes with StatReloader
2025-05-30 16:23:06,889 [INFO] C:\Users\jigor\Desktop\kurs\server_a\pages\urls.py changed, reloading.
2025-05-30 16:23:07,483 [INFO] Watching for file changes with StatReloader
2025-05-30 16:23:09,831 [INFO] C:\Users\jigor\Desktop\kurs\server_a\pages\urls.py changed, reloading.
2025-05-30 16:23:10,330 [INFO] Watching for file changes with StatReloader
2025-05-30 16:23:13,579 [INFO] C:\Users\jigor\Desktop\kurs\server_a\pages\urls.py changed, reloading.
2025-05-30 16:23:14,069 [INFO] Watching for file changes with StatReloader
2025-05-30 16:23:21,485 [INFO] C:\Users\jigor\Desktop\kurs\server_a\pages\urls.py changed, reloading.
2025-05-30 16:23:21,959 [INFO] Watching for file changes with StatReloader
2025-05-30 16:23:36,650 [INFO] C:\Users\jigor\Desktop\kurs\server_a\pages\views.py changed, reloading.
2025-05-30 16:23:37,134 [INFO] Watching for file changes with StatReloader
2025-05-30 16:23:38,398 [INFO] C:\Users\jigor\Desktop\kurs\server_a\pages\views.py changed, reloading.
2025-05-30 16:23:38,947 [INFO] Watching for file changes with StatReloader
2025-05-30 16:26:33,639 [INFO] "GET / HTTP/1.1" 200 323
2025-05-30 16:33:35,235 [ERROR] Internal Server Error: /test500/
Traceback (most recent call last):
  File "C:\Users\jigor\Desktop\kurs\server_a\venv\lib\site-packages\django\core\handlers\exception.py", line 55, in inner
    response = get_response(request)
  File "C:\Users\jigor\Desktop\kurs\server_a\venv\lib\site-packages\django\core\handlers\base.py", line 197, in _get_response
    response = wrapped_callback(request, *callback_args, **callback_kwargs)
  File "C:\Users\jigor\Desktop\kurs\server_a\pages\views.py", line 34, in error_500_test
    raise Exception("Тестовое исключение для 500")
Exception: Тестовое исключение для 500
2025-05-30 16:33:35,236 [ERROR] "GET /test500/ HTTP/1.1" 500 70189
2025-05-30 16:33:43,517 [INFO] "GET /test-csrf/ HTTP/1.1" 200 129
2025-05-30 16:33:45,602 [INFO] [CSRF_FAIL] user=admin ip=127.0.0.1 time=2025-05-30 13:33:45.602762+00:00
2025-05-30 16:33:45,623 [ERROR] Internal Server Error: /test-csrf/
Traceback (most recent call last):
  File "C:\Users\jigor\Desktop\kurs\server_a\venv\lib\site-packages\django\middleware\csrf.py", line 389, in _check_token
    request_csrf_token = request.META[settings.CSRF_HEADER_NAME]
KeyError: 'HTTP_X_CSRFTOKEN'

During handling of the above exception, another exception occurred:

Traceback (most recent call last):
  File "C:\Users\jigor\Desktop\kurs\server_a\venv\lib\site-packages\django\middleware\csrf.py", line 470, in process_view
    self._check_token(request)
  File "C:\Users\jigor\Desktop\kurs\server_a\venv\lib\site-packages\django\middleware\csrf.py", line 391, in _check_token
    raise RejectRequest(REASON_CSRF_TOKEN_MISSING)
django.middleware.csrf.RejectRequest: CSRF token missing.

During handling of the above exception, another exception occurred:

Traceback (most recent call last):
  File "C:\Users\jigor\Desktop\kurs\server_a\venv\lib\site-packages\django\core\handlers\exception.py", line 55, in inner
    response = get_response(request)
  File "C:\Users\jigor\Desktop\kurs\server_a\venv\lib\site-packages\django\core\handlers\base.py", line 185, in _get_response
    response = middleware_method(
  File "C:\Users\jigor\Desktop\kurs\server_a\venv\lib\site-packages\django\middleware\csrf.py", line 472, in process_view
    return self._reject(request, exc.reason)
  File "C:\Users\jigor\Desktop\kurs\server_a\venv\lib\site-packages\django\middleware\csrf.py", line 215, in _reject
    response = _get_failure_view()(request, reason=reason)
  File "C:\Users\jigor\Desktop\kurs\server_a\pages\views.py", line 16, in custom_csrf_failure
    return render(request, 'pages/csrf_fail.html', status=403)
  File "C:\Users\jigor\Desktop\kurs\server_a\venv\lib\site-packages\django\shortcuts.py", line 24, in render
    content = loader.render_to_string(template_name, context, request, using=using)
  File "C:\Users\jigor\Desktop\kurs\server_a\venv\lib\site-packages\django\template\loader.py", line 61, in render_to_string
    template = get_template(template_name, using=using)
  File "C:\Users\jigor\Desktop\kurs\server_a\venv\lib\site-packages\django\template\loader.py", line 19, in get_template
    raise TemplateDoesNotExist(template_name, chain=chain)
django.template.exceptions.TemplateDoesNotExist: pages/csrf_fail.html
2025-05-30 16:33:45,624 [ERROR] "POST /test-csrf/ HTTP/1.1" 500 106132
2025-05-30 16:34:00,962 [INFO] "GET /admin/ HTTP/1.1" 200 7152
2025-05-30 16:34:00,983 [INFO] "GET /static/admin/css/base.css HTTP/1.1" 304 0
2025-05-30 16:34:00,984 [INFO] "GET /static/admin/css/dark_mode.css HTTP/1.1" 304 0
2025-05-30 16:34:00,985 [INFO] "GET /static/admin/css/nav_sidebar.css HTTP/1.1" 304 0
2025-05-30 16:34:00,986 [INFO] "GET /static/admin/css/dashboard.css HTTP/1.1" 304 0
2025-05-30 16:34:00,986 [INFO] "GET /static/admin/css/responsive.css HTTP/1.1" 304 0
2025-05-30 16:34:00,987 [INFO] "GET /static/admin/js/theme.js HTTP/1.1" 304 0
2025-05-30 16:34:00,995 [INFO] "GET /static/admin/js/nav_sidebar.js HTTP/1.1" 304 0
2025-05-30 16:34:00,998 [INFO] "GET /static/admin/img/icon-addlink.svg HTTP/1.1" 304 0
2025-05-30 16:34:00,999 [INFO] "GET /static/admin/img/icon-changelink.svg HTTP/1.1" 304 0
2025-05-30 16:34:06,283 [INFO] "GET /admin/ HTTP/1.1" 200 7152
2025-05-30 16:34:09,632 [INFO] "GET /test-csrf/ HTTP/1.1" 200 129
2025-05-30 16:34:11,050 [INFO] [CSRF_FAIL] user=admin ip=127.0.0.1 time=2025-05-30 13:34:11.050378+00:00
2025-05-30 16:34:11,071 [ERROR] Internal Server Error: /test-csrf/
Traceback (most recent call last):
  File "C:\Users\jigor\Desktop\kurs\server_a\venv\lib\site-packages\django\middleware\csrf.py", line 389, in _check_token
    request_csrf_token = request.META[settings.CSRF_HEADER_NAME]
KeyError: 'HTTP_X_CSRFTOKEN'

During handling of the above exception, another exception occurred:

Traceback (most recent call last):
  File "C:\Users\jigor\Desktop\kurs\server_a\venv\lib\site-packages\django\middleware\csrf.py", line 470, in process_view
    self._check_token(request)
  File "C:\Users\jigor\Desktop\kurs\server_a\venv\lib\site-packages\django\middleware\csrf.py", line 391, in _check_token
    raise RejectRequest(REASON_CSRF_TOKEN_MISSING)
django.middleware.csrf.RejectRequest: CSRF token missing.

During handling of the above exception, another exception occurred:

Traceback (most recent call last):
  File "C:\Users\jigor\Desktop\kurs\server_a\venv\lib\site-packages\django\core\handlers\exception.py", line 55, in inner
    response = get_response(request)
  File "C:\Users\jigor\Desktop\kurs\server_a\venv\lib\site-packages\django\core\handlers\base.py", line 185, in _get_response
    response = middleware_method(
  File "C:\Users\jigor\Desktop\kurs\server_a\venv\lib\site-packages\django\middleware\csrf.py", line 472, in process_view
    return self._reject(request, exc.reason)
  File "C:\Users\jigor\Desktop\kurs\server_a\venv\lib\site-packages\django\middleware\csrf.py", line 215, in _reject
    response = _get_failure_view()(request, reason=reason)
  File "C:\Users\jigor\Desktop\kurs\server_a\pages\views.py", line 16, in custom_csrf_failure
    return render(request, 'pages/csrf_fail.html', status=403)
  File "C:\Users\jigor\Desktop\kurs\server_a\venv\lib\site-packages\django\shortcuts.py", line 24, in render
    content = loader.render_to_string(template_name, context, request, using=using)
  File "C:\Users\jigor\Desktop\kurs\server_a\venv\lib\site-packages\django\template\loader.py", line 61, in render_to_string
    template = get_template(template_name, using=using)
  File "C:\Users\jigor\Desktop\kurs\server_a\venv\lib\site-packages\django\template\loader.py", line 19, in get_template
    raise TemplateDoesNotExist(template_name, chain=chain)
django.template.exceptions.TemplateDoesNotExist: pages/csrf_fail.html
2025-05-30 16:34:11,072 [ERROR] "POST /test-csrf/ HTTP/1.1" 500 106132
2025-05-30 16:34:54,507 [INFO] C:\Users\jigor\Desktop\kurs\server_a\pages\views.py changed, reloading.
2025-05-30 16:34:55,117 [INFO] Watching for file changes with StatReloader
2025-05-30 16:35:29,486 [INFO] Watching for file changes with StatReloader
2025-05-30 16:43:36,741 [INFO] C:\Users\jigor\Desktop\kurs\server_a\config\settings.py changed, reloading.
2025-05-30 16:43:37,267 [INFO] Watching for file changes with StatReloader
2025-05-30 16:43:44,774 [INFO] C:\Users\jigor\Desktop\kurs\server_a\config\settings.py changed, reloading.
2025-05-30 16:43:45,286 [INFO] Watching for file changes with StatReloader
2025-05-30 16:43:50,584 [INFO] C:\Users\jigor\Desktop\kurs\server_a\pages\views.py changed, reloading.
2025-05-30 16:43:51,094 [INFO] Watching for file changes with StatReloader
2025-05-30 16:44:13,986 [ERROR] Internal Server Error: /test500/
Traceback (most recent call last):
  File "C:\Users\jigor\Desktop\kurs\server_a\venv\lib\site-packages\django\core\handlers\exception.py", line 55, in inner
    response = get_response(request)
  File "C:\Users\jigor\Desktop\kurs\server_a\venv\lib\site-packages\django\core\handlers\base.py", line 197, in _get_response
    response = wrapped_callback(request, *callback_args, **callback_kwargs)
  File "C:\Users\jigor\Desktop\kurs\server_a\pages\views.py", line 34, in error_500_test
    raise Exception("Тестовое исключение для 500")
Exception: Тестовое исключение для 500
2025-05-30 16:44:13,987 [ERROR] "GET /test500/ HTTP/1.1" 500 70189
2025-05-30 16:44:24,066 [INFO] [LOGOUT] user=admin ip=127.0.0.1 time=2025-05-30 13:44:24.066703+00:00
2025-05-30 16:44:24,069 [INFO] "GET /accounts/logout/ HTTP/1.1" 302 0
2025-05-30 16:44:24,073 [INFO] "GET / HTTP/1.1" 200 323
2025-05-30 16:44:26,104 [INFO] "GET /accounts/logout/ HTTP/1.1" 302 0
2025-05-30 16:44:26,108 [INFO] "GET / HTTP/1.1" 200 323
2025-05-30 16:44:31,859 [ERROR] Internal Server Error: /test500/
Traceback (most recent call last):
  File "C:\Users\jigor\Desktop\kurs\server_a\venv\lib\site-packages\django\core\handlers\exception.py", line 55, in inner
    response = get_response(request)
  File "C:\Users\jigor\Desktop\kurs\server_a\venv\lib\site-packages\django\core\handlers\base.py", line 197, in _get_response
    response = wrapped_callback(request, *callback_args, **callback_kwargs)
  File "C:\Users\jigor\Desktop\kurs\server_a\pages\views.py", line 34, in error_500_test
    raise Exception("Тестовое исключение для 500")
Exception: Тестовое исключение для 500
2025-05-30 16:44:31,860 [ERROR] "GET /test500/ HTTP/1.1" 500 70391
2025-05-30 16:44:34,204 [INFO] "GET / HTTP/1.1" 200 323
2025-05-30 16:44:36,036 [INFO] "GET /delete-account/ HTTP/1.1" 302 0
2025-05-30 16:44:36,101 [INFO] "GET /accounts/login/?next=/delete-account/ HTTP/1.1" 200 2360
2025-05-30 16:44:39,443 [INFO] [LOGIN_SUCCESS] user=admin ip=127.0.0.1 time=2025-05-30 13:44:39.443616+00:00
2025-05-30 16:44:39,446 [INFO] "POST /accounts/login/ HTTP/1.1" 302 0
2025-05-30 16:44:39,506 [INFO] "GET /delete-account/ HTTP/1.1" 200 265
2025-05-30 16:44:44,718 [INFO] "GET /accounts/login/?next=/delete-account/ HTTP/1.1" 302 0
2025-05-30 16:44:46,707 [INFO] "GET / HTTP/1.1" 200 323
2025-05-30 16:44:48,936 [INFO] "GET / HTTP/1.1" 200 323
2025-05-30 16:44:49,852 [ERROR] Internal Server Error: /test500/
Traceback (most recent call last):
  File "C:\Users\jigor\Desktop\kurs\server_a\venv\lib\site-packages\django\core\handlers\exception.py", line 55, in inner
    response = get_response(request)
  File "C:\Users\jigor\Desktop\kurs\server_a\venv\lib\site-packages\django\core\handlers\base.py", line 197, in _get_response
    response = wrapped_callback(request, *callback_args, **callback_kwargs)
  File "C:\Users\jigor\Desktop\kurs\server_a\pages\views.py", line 34, in error_500_test
    raise Exception("Тестовое исключение для 500")
Exception: Тестовое исключение для 500
2025-05-30 16:44:49,852 [ERROR] "GET /test500/ HTTP/1.1" 500 70516
2025-05-30 16:44:56,692 [INFO] [LOGOUT] user=admin ip=127.0.0.1 time=2025-05-30 13:44:56.692850+00:00
2025-05-30 16:44:56,694 [INFO] "GET /accounts/logout/ HTTP/1.1" 302 0
2025-05-30 16:44:56,698 [INFO] "GET / HTTP/1.1" 200 323
2025-05-30 16:44:58,437 [INFO] "GET / HTTP/1.1" 200 323
2025-05-30 16:45:07,154 [INFO] [ACTION_OPEN_ADMIN] user=Anonymous ip=127.0.0.1 time=2025-05-30 13:45:07.154196+00:00
2025-05-30 16:45:07,159 [INFO] "GET /admin/ HTTP/1.1" 302 0
2025-05-30 16:45:07,161 [INFO] [ACTION_OPEN_ADMIN] user=Anonymous ip=127.0.0.1 time=2025-05-30 13:45:07.161902+00:00
2025-05-30 16:45:07,173 [INFO] "GET /admin/login/?next=/admin/ HTTP/1.1" 200 4396
2025-05-30 16:45:07,193 [INFO] "GET /static/admin/css/base.css HTTP/1.1" 304 0
2025-05-30 16:45:07,193 [INFO] "GET /static/admin/css/dark_mode.css HTTP/1.1" 304 0
2025-05-30 16:45:07,193 [INFO] "GET /static/admin/css/nav_sidebar.css HTTP/1.1" 304 0
2025-05-30 16:45:07,288 [INFO] "GET /static/admin/css/login.css HTTP/1.1" 304 0
2025-05-30 16:45:07,290 [INFO] "GET /static/admin/css/responsive.css HTTP/1.1" 304 0
2025-05-30 16:45:07,295 [INFO] "GET /static/admin/js/theme.js HTTP/1.1" 304 0
2025-05-30 16:45:07,328 [INFO] "GET /static/admin/js/nav_sidebar.js HTTP/1.1" 304 0
2025-05-30 16:45:07,333 [INFO] "GET /static/admin/img/icon-yes.svg HTTP/1.1" 304 0
2025-05-30 16:45:09,837 [INFO] "GET /accounts/login/ HTTP/1.1" 200 2066
2025-05-30 16:45:53,906 [INFO] "GET /accounts/login/ HTTP/1.1" 200 2066
2025-05-30 16:45:55,150 [INFO] [LOGIN_SUCCESS] user=admin ip=127.0.0.1 time=2025-05-30 13:45:55.150710+00:00
2025-05-30 16:45:55,154 [INFO] "POST /accounts/login/ HTTP/1.1" 302 0
2025-05-30 16:45:55,214 [INFO] "GET / HTTP/1.1" 200 329
2025-05-30 16:45:56,612 [INFO] [LOGOUT] user=admin ip=127.0.0.1 time=2025-05-30 13:45:56.611040+00:00
2025-05-30 16:45:56,614 [INFO] "GET /accounts/logout/ HTTP/1.1" 302 0
2025-05-30 16:45:56,617 [INFO] "GET / HTTP/1.1" 200 328
2025-05-30 16:45:57,588 [INFO] "GET /accounts/login/ HTTP/1.1" 200 2317
2025-05-30 16:45:58,734 [INFO] [LOGIN_SUCCESS] user=admin ip=127.0.0.1 time=2025-05-30 13:45:58.734863+00:00
2025-05-30 16:45:58,737 [INFO] "POST /accounts/login/ HTTP/1.1" 302 0
2025-05-30 16:45:58,894 [INFO] "GET / HTTP/1.1" 200 329
2025-05-30 16:46:00,380 [INFO] "GET / HTTP/1.1" 200 329
2025-05-30 16:49:21,646 [INFO] C:\Users\jigor\Desktop\kurs\server_a\utils\log_utils.py changed, reloading.
2025-05-30 16:49:22,236 [INFO] Watching for file changes with StatReloader
2025-05-30 16:49:24,581 [INFO] C:\Users\jigor\Desktop\kurs\server_a\utils\log_utils.py changed, reloading.
2025-05-30 16:49:25,097 [INFO] Watching for file changes with StatReloader
2025-05-30 16:49:28,460 [INFO] C:\Users\jigor\Desktop\kurs\server_a\utils\log_utils.py changed, reloading.
2025-05-30 16:49:29,062 [INFO] Watching for file changes with StatReloader
2025-05-30 16:49:33,500 [INFO] C:\Users\jigor\Desktop\kurs\server_a\utils\log_utils.py changed, reloading.
2025-05-30 16:49:34,164 [INFO] Watching for file changes with StatReloader
2025-05-30 16:49:43,169 [INFO] "GET / HTTP/1.1" 200 329
2025-05-30 16:49:44,291 [INFO] [LOGOUT] user=admin ip=127.0.0.1 time=2025-05-30 13:49:44.291768+00:00
2025-05-30 16:49:44,294 [INFO] "GET /accounts/logout/ HTTP/1.1" 302 0
2025-05-30 16:49:44,298 [INFO] "GET / HTTP/1.1" 200 328
2025-05-30 16:50:08,905 [INFO] "GET / HTTP/1.1" 200 328
2025-05-30 16:50:09,852 [INFO] [ACTION_OPEN_ADMIN] user=Anonymous ip=127.0.0.1 time=2025-05-30 13:50:09.852014+00:00
2025-05-30 16:50:09,857 [INFO] "GET /admin/ HTTP/1.1" 302 0
2025-05-30 16:50:09,859 [INFO] [ACTION_OPEN_ADMIN] user=Anonymous ip=127.0.0.1 time=2025-05-30 13:50:09.859996+00:00
2025-05-30 16:50:09,925 [INFO] "GET /admin/login/?next=/admin/ HTTP/1.1" 200 4396
2025-05-30 16:50:09,985 [INFO] "GET /static/admin/css/dark_mode.css HTTP/1.1" 304 0
2025-05-30 16:50:09,986 [INFO] "GET /static/admin/css/base.css HTTP/1.1" 304 0
2025-05-30 16:50:09,986 [INFO] "GET /static/admin/css/nav_sidebar.css HTTP/1.1" 304 0
2025-05-30 16:50:09,987 [INFO] "GET /static/admin/css/login.css HTTP/1.1" 304 0
2025-05-30 16:50:09,988 [INFO] "GET /static/admin/css/responsive.css HTTP/1.1" 304 0
2025-05-30 16:50:09,989 [INFO] "GET /static/admin/js/theme.js HTTP/1.1" 304 0
2025-05-30 16:50:09,989 [INFO] "GET /static/admin/js/nav_sidebar.js HTTP/1.1" 304 0
2025-05-30 16:50:09,992 [INFO] "GET /static/admin/img/icon-yes.svg HTTP/1.1" 304 0
2025-05-30 16:50:14,199 [INFO] "GET / HTTP/1.1" 200 328
2025-05-30 16:50:14,962 [INFO] "GET /accounts/login/ HTTP/1.1" 200 2066
2025-05-30 16:50:16,031 [INFO] [LOGIN_SUCCESS] user=admin ip=127.0.0.1 time=2025-05-30 13:50:16.031006+00:00
2025-05-30 16:50:16,035 [INFO] "POST /accounts/login/ HTTP/1.1" 302 0
2025-05-30 16:50:16,087 [INFO] "GET / HTTP/1.1" 200 329
2025-05-30 16:54:46,403 [INFO] C:\Users\jigor\Desktop\kurs\server_a\pages\views.py changed, reloading.
2025-05-30 16:54:47,163 [INFO] Watching for file changes with StatReloader
2025-05-30 16:54:49,539 [INFO] C:\Users\jigor\Desktop\kurs\server_a\pages\views.py changed, reloading.
2025-05-30 16:54:50,086 [INFO] Watching for file changes with StatReloader
2025-05-30 16:55:00,802 [INFO] C:\Users\jigor\Desktop\kurs\server_a\pages\middleware.py changed, reloading.
2025-05-30 16:55:01,474 [INFO] Watching for file changes with StatReloader
2025-05-30 16:55:15,338 [INFO] C:\Users\jigor\Desktop\kurs\server_a\accounts\signals.py changed, reloading.
2025-05-30 16:55:15,944 [INFO] Watching for file changes with StatReloader
2025-05-30 16:55:20,797 [INFO] "GET / HTTP/1.1" 200 329
2025-05-30 16:55:21,751 [INFO] [LOGOUT] user=admin ip=127.0.0.1 time=2025-05-30 13:55:21.751807+00:00
2025-05-30 16:55:21,777 [INFO] "GET /accounts/logout/ HTTP/1.1" 302 0
2025-05-30 16:55:21,781 [INFO] "GET / HTTP/1.1" 200 328
2025-05-30 16:55:23,084 [INFO] "GET /accounts/login/ HTTP/1.1" 200 2317
2025-05-30 16:55:24,159 [INFO] [LOGIN_SUCCESS] user=admin ip=127.0.0.1 time=2025-05-30 13:55:24.159469+00:00
2025-05-30 16:55:24,186 [INFO] "POST /accounts/login/ HTTP/1.1" 302 0
2025-05-30 16:55:24,243 [INFO] "GET / HTTP/1.1" 200 329
2025-05-30 16:55:56,502 [ERROR] Internal Server Error: /test500/
Traceback (most recent call last):
  File "C:\Users\jigor\Desktop\kurs\server_a\venv\lib\site-packages\django\core\handlers\exception.py", line 55, in inner
    response = get_response(request)
  File "C:\Users\jigor\Desktop\kurs\server_a\venv\lib\site-packages\django\core\handlers\base.py", line 197, in _get_response
    response = wrapped_callback(request, *callback_args, **callback_kwargs)
  File "C:\Users\jigor\Desktop\kurs\server_a\pages\views.py", line 38, in error_500_test
    raise Exception("Тестовое исключение для 500")
Exception: Тестовое исключение для 500
2025-05-30 16:55:56,502 [ERROR] "GET /test500/ HTTP/1.1" 500 70484
2025-05-30 16:56:06,883 [INFO] "GET /test-csrf/ HTTP/1.1" 200 129
2025-05-30 16:56:08,093 [INFO] [CSRF_FAIL] user=admin ip=127.0.0.1 time=2025-05-30 13:56:08.093547+00:00
